[trun] size=36 version=1
 - sampleCount: 1
 - DataOffset: 314159
 - sample[0]: dur=1024 size=4 flags=02010000 cto=-512
